// Jest Snapshot v1, https://goo.gl/fbAQLP

exports[`Home renders correctly 1`] = `
<View
  style={
    {
      "backgroundColor": "hsl(212, 35.0%, 9.2%)",
      "minHeight": "100%",
    }
  }
>
  <RCTSafeAreaView>
    <View
      style={{}}
    >
      <Text
        fontFamily="unset"
        style={
          {
            "color": "hsl(206, 98.0%, 95.8%)",
            "fontFamily": "Inter",
          }
        }
        suppressHighlighting={true}
      >
        Home
      </Text>
      <View
        accessibilityRole="button"
        cursor="pointer"
        focusable={true}
        style={
          {
            "alignItems": "center",
            "backgroundColor": "hsl(213, 71.2%, 20.2%)",
            "borderBottomColor": "transparent",
            "borderBottomLeftRadius": 9,
            "borderBottomRightRadius": 9,
            "borderBottomWidth": 1,
            "borderLeftColor": "transparent",
            "borderLeftWidth": 1,
            "borderRightColor": "transparent",
            "borderRightWidth": 1,
            "borderStyle": "solid",
            "borderTopColor": "transparent",
            "borderTopLeftRadius": 9,
            "borderTopRightRadius": 9,
            "borderTopWidth": 1,
            "flexDirection": "row",
            "flexWrap": "nowrap",
            "height": 44,
            "justifyContent": "center",
            "paddingLeft": 18,
            "paddingRight": 18,
          }
        }
      >
        <Text
          fontFamily="unset"
          style={
            {
              "color": "hsl(206, 98.0%, 95.8%)",
              "fontFamily": "Inter",
            }
          }
          suppressHighlighting={true}
        >
          Logout
        </Text>
      </View>
    </View>
  </RCTSafeAreaView>
</View>
`;
